// Vitest Snapshot v1, https://vitest.dev/guide/snapshot.html

exports[`ssr > should render as string > html 1`] = `"<div class="test">hello world!</div>"`;
